\BOOKMARK [1][-]{section.1}{\376\377\000I\000n\000t\000r\000o\000d\000u\000c\000t\000i\000o\000n\000\040\000t\000o\000\040\000L\000i\000n\000e\000a\000r\000i\000z\000e\000d\000\040\000G\000r\000a\000v\000i\000t\000y}{}% 1
\BOOKMARK [2][-]{subsection.1.1}{\376\377\000P\000e\000r\000t\000u\000r\000b\000a\000t\000i\000o\000n\000\040\000o\000f\000\040\000t\000h\000e\000\040\000f\000l\000a\000t\000\040\000m\000e\000t\000r\000i\000c}{section.1}% 2
\BOOKMARK [2][-]{subsection.1.2}{\376\377\000E\000q\000u\000a\000t\000i\000o\000n\000s\000\040\000o\000f\000\040\000M\000o\000t\000i\000o\000n\000\040\000a\000n\000d\000\040\000F\000i\000e\000l\000d\000\040\000A\000c\000t\000i\000o\000n}{section.1}% 3
\BOOKMARK [2][-]{subsection.1.3}{\376\377\000G\000a\000u\000g\000e\000\040\000F\000r\000e\000e\000d\000o\000m\000\040\000a\000n\000d\000\040\000t\000h\000e\000\040\000G\000W\000s}{section.1}% 4
\BOOKMARK [1][-]{section.2}{\376\377\000H\000a\000m\000i\000l\000t\000o\000n\000i\000a\000n\000\040\000f\000o\000r\000m\000u\000l\000a\000t\000i\000o\000n}{}% 5
\BOOKMARK [2][-]{subsection.2.1}{\376\377\000F\000r\000e\000e\000\040\000H\000a\000m\000i\000l\000t\000o\000n\000i\000a\000n}{section.2}% 6
\BOOKMARK [2][-]{subsection.2.2}{\376\377\000H\000a\000m\000i\000l\000t\000o\000n\000i\000a\000n\000\040\000i\000n\000\040\000I\000n\000t\000e\000r\000a\000c\000t\000i\000o\000n\000\040\000P\000i\000c\000t\000u\000r\000e}{section.2}% 7
\BOOKMARK [1][-]{section.3}{\376\377\000I\000n\000t\000e\000r\000a\000c\000t\000i\000o\000n\000\040\000H\000a\000m\000i\000l\000t\000o\000n\000i\000a\000n\000s\000\040\000i\000n\000\040\000t\000h\000e\000\040\000I\000n\000t\000e\000r\000a\000c\000t\000i\000o\000n\000\040\000P\000i\000c\000t\000u\000r\000e}{}% 8
\BOOKMARK [2][-]{subsection.3.1}{\376\377\000D\000e\000\040\000D\000o\000n\000d\000e\000r\000\040\000g\000a\000u\000g\000e}{section.3}% 9
\BOOKMARK [2][-]{subsection.3.2}{\376\377\000T\000T\000\040\000g\000a\000u\000g\000e}{section.3}% 10
\BOOKMARK [1][-]{section.4}{\376\377\000Q\000u\000a\000n\000t\000i\000z\000a\000t\000i\000o\000n\000\040\000o\000f\000\040\000t\000h\000e\000\040\000L\000i\000n\000e\000a\000r\000i\000z\000e\000d\000\040\000G\000r\000a\000v\000i\000t\000y\000\040\000F\000i\000e\000l\000d}{}% 11
\BOOKMARK [2][-]{subsection.4.1}{\376\377\000I\000n\000t\000r\000o\000d\000u\000c\000t\000i\000o\000n}{section.4}% 12
\BOOKMARK [2][-]{subsection.4.2}{\376\377\000T\000h\000e\000\040\000L\000i\000n\000e\000a\000r\000i\000z\000e\000d\000\040\000G\000r\000a\000v\000i\000t\000y\000\040\000F\000i\000e\000l\000d\000\040\000i\000n\000\040\000L\000o\000r\000e\000n\000t\000z\000\040\000G\000a\000u\000g\000e}{section.4}% 13
\BOOKMARK [2][-]{subsection.4.3}{\376\377\000C\000a\000n\000o\000n\000i\000c\000a\000l\000\040\000Q\000u\000a\000n\000t\000i\000z\000a\000t\000i\000o\000n\000\040\000i\000n\000\040\000t\000h\000e\000\040\000H\000a\000r\000m\000o\000n\000i\000c\000\040\000G\000a\000u\000g\000e}{section.4}% 14
\BOOKMARK [3][-]{subsubsection.4.3.1}{\376\377\000F\000o\000u\000r\000i\000e\000r\000\040\000D\000e\000c\000o\000m\000p\000o\000s\000i\000t\000i\000o\000n\000\040\000o\000f\000\040\000t\000h\000e\000\040\000f\000i\000e\000l\000d\000\040\000o\000p\000e\000r\000a\000t\000o\000r}{subsection.4.3}% 15
\BOOKMARK [2][-]{subsection.4.4}{\376\377\000T\000h\000e\000\040\000G\000u\000p\000t\000a\000-\000B\000l\000e\000u\000l\000e\000r\000\040\000M\000e\000t\000h\000o\000d}{section.4}% 16
\BOOKMARK [2][-]{subsection.4.5}{\376\377\000C\000a\000n\000o\000n\000i\000c\000a\000l\000\040\000Q\000u\000a\000n\000t\000i\000z\000a\000t\000i\000o\000n\000\040\000i\000n\000\040\000t\000h\000e\000\040\000T\000r\000a\000n\000s\000v\000e\000r\000s\000e\000-\000T\000r\000a\000c\000e\000l\000e\000s\000s\000\040\000G\000a\000u\000g\000e}{section.4}% 17
\BOOKMARK [3][-]{subsubsection.4.5.1}{\376\377\000F\000e\000y\000n\000m\000a\000n\000\040\000p\000r\000o\000p\000a\000g\000a\000t\000o\000r\000\040\000f\000o\000r\000\040\000t\000h\000e\000\040\000T\000T\000\040\000g\000a\000u\000g\000e}{subsection.4.5}% 18
\BOOKMARK [3][-]{subsubsection.4.5.2}{\376\377\000T\000h\000e\000\040\000N\000e\000w\000t\000o\000n\000i\000a\000n\000\040\000I\000n\000t\000e\000r\000a\000c\000t\000i\000o\000n}{subsection.4.5}% 19
\BOOKMARK [1][-]{section.5}{\376\377\000G\000r\000a\000v\000i\000t\000a\000t\000i\000o\000n\000a\000l\000\040\000s\000c\000a\000t\000t\000e\000r\000i\000n\000g\000\040\000o\000f\000\040\000z\000e\000r\000o\000-\000r\000e\000s\000t\000-\000m\000a\000s\000s\000\040\000s\000c\000a\000l\000a\000r\000\040\000w\000a\000v\000e\000s}{}% 20
\BOOKMARK [2][-]{subsection.5.1}{\376\377\000S\000e\000t\000-\000u\000p\000\040\000o\000f\000\040\000t\000h\000e\000\040\000p\000r\000o\000b\000l\000e\000m}{section.5}% 21
\BOOKMARK [2][-]{subsection.5.2}{\376\377\000T\000r\000a\000n\000s\000i\000t\000i\000o\000n\000\040\000a\000m\000p\000l\000i\000t\000u\000d\000e\000\040\000a\000n\000d\000\040\000t\000h\000e\000\040\000e\000x\000t\000e\000r\000n\000a\000l\000-\000f\000i\000e\000l\000d\000\040\000a\000p\000p\000r\000o\000x\000i\000m\000a\000t\000i\000o\000n}{section.5}% 22
\BOOKMARK [2][-]{subsection.5.3}{\376\377\000S\000c\000a\000l\000a\000r\000\040\000w\000a\000v\000e\000s}{section.5}% 23
\BOOKMARK [3][-]{subsubsection.5.3.1}{\376\377\000T\000h\000e\000\040\000f\000i\000e\000l\000d\000\040\000o\000f\000\040\000t\000h\000e\000\040\000s\000c\000a\000t\000t\000e\000r\000e\000r}{subsection.5.3}% 24
\BOOKMARK [3][-]{subsubsection.5.3.2}{\376\377\000T\000h\000e\000\040\000c\000r\000o\000s\000s\000\040\000s\000e\000c\000t\000i\000o\000n}{subsection.5.3}% 25
\BOOKMARK [1][-]{section.6}{\376\377\000S\000-\000M\000a\000t\000r\000i\000x}{}% 26
\BOOKMARK [2][-]{subsection.6.1}{\376\377\000D\000i\000a\000g\000r\000a\000m\000s\000\040\000u\000p\000\040\000t\000o\000\040\000O\000\050\0002\000\051}{section.6}% 27
\BOOKMARK [2][-]{subsection.6.2}{\376\377\000F\000e\000y\000n\000m\000a\000n\000\040\000r\000u\000l\000e\000s}{section.6}% 28
\BOOKMARK [1][-]{section.7}{\376\377\000G\000r\000a\000v\000i\000t\000o\000n\040\023\000S\000c\000a\000l\000a\000r\000\040\000C\000o\000m\000p\000t\000o\000n\000\040\000S\000c\000a\000t\000t\000e\000r\000i\000n\000g}{}% 29
\BOOKMARK [2][-]{subsection.7.1}{\376\377\000O\000n\000e\000-\000v\000e\000r\000t\000e\000x\000\040\000c\000o\000n\000t\000r\000i\000b\000u\000t\000i\000o\000n\000:\000\040\000s\000e\000a\000g\000u\000l\000l}{section.7}% 30
\BOOKMARK [2][-]{subsection.7.2}{\376\377\000T\000w\000o\000-\000v\000e\000r\000t\000e\000x\000\040\000c\000o\000n\000t\000r\000i\000b\000u\000t\000i\000o\000n\000:\000\040\000v\000i\000r\000t\000u\000a\000l\000\040\000s\000c\000a\000l\000a\000r\000\040\000e\000x\000c\000h\000a\000n\000g\000e}{section.7}% 31
\BOOKMARK [2][-]{subsection.7.3}{\376\377\000T\000w\000o\000-\000v\000e\000r\000t\000e\000x\000\040\000c\000o\000n\000t\000r\000i\000b\000u\000t\000i\000o\000n\000:\000\040\000g\000r\000a\000v\000i\000t\000o\000n\000\040\000s\000e\000l\000f\000-\000i\000n\000t\000e\000r\000a\000c\000t\000i\000o\000n}{section.7}% 32
\BOOKMARK [1][-]{section.8}{\376\377\000S\000c\000a\000t\000t\000e\000r\000i\000n\000g\000\040\000A\000m\000p\000l\000i\000t\000u\000d\000e}{}% 33
\BOOKMARK [2][-]{subsection.8.1}{\376\377\000P\000o\000l\000a\000r\000i\000z\000a\000t\000i\000o\000n\000\040\000p\000r\000o\000d\000u\000c\000t\000s}{section.8}% 34
\BOOKMARK [2][-]{subsection.8.2}{\376\377\000L\000e\000a\000d\000i\000n\000g\000\040\000o\000r\000d\000e\000r\000\040\000s\000c\000a\000t\000t\000e\000r\000i\000n\000g}{section.8}% 35
\BOOKMARK [1][-]{section.9}{\376\377\000O\000p\000e\000n\000\040\000Q\000u\000a\000t\000u\000m\000\040\000S\000y\000s\000t\000e\000m\000s}{}% 36
\BOOKMARK [1][-]{section.10}{\376\377\000I\000n\000f\000l\000u\000e\000n\000c\000e\000\040\000F\000u\000n\000c\000t\000i\000o\000n\000a\000l}{}% 37
\BOOKMARK [2][-]{subsection.10.1}{\376\377\000R\000e\000d\000u\000c\000e\000d\000\040\000d\000e\000n\000s\000i\000t\000y\000\040\000m\000a\000t\000r\000i\000x\000\040\000a\000n\000d\000\040\000d\000e\000f\000i\000n\000i\000t\000i\000o\000n\000\040\000o\000f\000\040\000t\000h\000e\000\040\000i\000n\000f\000l\000u\000e\000n\000c\000e\000\040\000f\000u\000n\000c\000t\000i\000o\000n\000a\000l}{section.10}% 38
\BOOKMARK [2][-]{subsection.10.2}{\376\377\000G\000e\000n\000e\000r\000a\000l\000\040\000p\000r\000o\000p\000e\000r\000t\000i\000e\000s\000\040\000o\000f\000\040\000t\000h\000e\000\040\000i\000n\000f\000l\000u\000e\000n\000c\000e\000\040\000a\000c\000t\000i\000o\000n}{section.10}% 39
\BOOKMARK [2][-]{subsection.10.3}{\376\377\000A\000p\000p\000l\000i\000c\000a\000t\000i\000o\000n\000\040\000t\000o\000\040\000l\000i\000n\000e\000a\000r\000i\000z\000e\000d\000\040\000g\000r\000a\000v\000i\000t\000y\000:\000\040\000t\000h\000e\000\040\000g\000r\000a\000v\000i\000t\000o\000n\000\040\000a\000s\000\040\000e\000n\000v\000i\000r\000o\000n\000m\000e\000n\000t}{section.10}% 40
\BOOKMARK [3][-]{subsubsection.10.3.1}{\376\377\000G\000r\000a\000v\000i\000t\000o\000n\000\040\000a\000c\000t\000i\000o\000n}{subsection.10.3}% 41
\BOOKMARK [3][-]{subsubsection.10.3.2}{\376\377\000G\000e\000n\000e\000r\000a\000l\000\040\000G\000a\000u\000s\000s\000i\000a\000n\000\040\000r\000e\000s\000u\000l\000t\000\040\000f\000o\000r\000\040\000a\000\040\000l\000i\000n\000e\000a\000r\000\040\000c\000o\000u\000p\000l\000i\000n\000g}{subsection.10.3}% 42
\BOOKMARK [3][-]{subsubsection.10.3.3}{\376\377\000G\000r\000a\000v\000i\000t\000o\000n\000\040\000p\000r\000o\000p\000a\000g\000a\000t\000o\000r}{subsection.10.3}% 43
\BOOKMARK [3][-]{subsubsection.10.3.4}{\376\377\000A\000p\000p\000l\000y\000i\000n\000g\000\040\000t\000h\000e\000\040\000g\000e\000n\000e\000r\000a\000l\000\040\000r\000e\000s\000u\000l\000t\000\040\000t\000o\000\040\000h\000\040\000a\000n\000d\000\040\000B\000i\000j\000\050\000\051}{subsection.10.3}% 44
\BOOKMARK [3][-]{subsubsection.10.3.5}{\376\377\000C\000l\000a\000s\000s\000i\000c\000a\000l\000\040\000a\000n\000d\000\040\000d\000i\000f\000f\000e\000r\000e\000n\000c\000e\000\040\000v\000a\000r\000i\000a\000b\000l\000e\000s}{subsection.10.3}% 45
\BOOKMARK [1][-]{appendix.A}{\376\377\000A\000p\000p\000e\000n\000d\000i\000x\000\040\000A\000:\000\040\000f\000r\000o\000m\000\040\000t\000h\000e\000\040\000d\000e\000n\000s\000i\000t\000y\000\040\000m\000a\000t\000r\000i\000x\000\040\000t\000o\000\040\000t\000h\000e\000\040\000C\000T\000P\000\040\000p\000a\000t\000h\000\040\000i\000n\000t\000e\000g\000r\000a\000l}{}% 46
\BOOKMARK [1][-]{appendix.B}{\376\377\000A\000p\000p\000e\000n\000d\000i\000x\000\040\000B\000:\000\040\000G\000a\000u\000s\000s\000i\000a\000n\000\040\000e\000n\000v\000i\000r\000o\000n\000m\000e\000n\000t\000\040\000a\000n\000d\000\040\000t\000h\000e\000\040\000C\000T\000P\000\040\000m\000a\000t\000r\000i\000x\000\040\000s\000t\000r\000u\000c\000t\000u\000r\000e}{}% 47
\BOOKMARK [1][-]{appendix.C}{\376\377\000F\000u\000l\000l\000\040\000l\000i\000n\000e\000a\000r\000i\000z\000e\000d\000\040\000t\000h\000e\000o\000r\000y}{}% 48
\BOOKMARK [1][-]{appendix.D}{\376\377\000D\000i\000s\000c\000a\000r\000d\000e\000d\000\040\000C\000a\000l\000c\000u\000l\000u\000s\000:\000\040\000T\000T\000\040\000P\000r\000o\000j\000e\000c\000t\000o\000r\000\040\000s\000e\000l\000f\000\040\000i\000n\000t}{}% 49
\BOOKMARK [1][-]{appendix.E}{\376\377\000D\000i\000s\000c\000a\000r\000d\000e\000d\000\040\000c\000o\000m\000p\000u\000t\000e\000:\000\040\000B\000e\000s\000s\000e\000l\000\040\000p\000r\000o\000j}{}% 50
\BOOKMARK [2][-]{subsection.E.1}{\376\377\000T\000h\000e\000\040\000e\000x\000p\000a\000n\000d\000e\000d\000\040\000p\000r\000o\000j\000e\000c\000t\000o\000r}{appendix.E}% 51
\BOOKMARK [2][-]{subsection.E.2}{\376\377\000D\000e\000r\000i\000v\000a\000t\000i\000v\000e\000s\000\040\000o\000f\000\040\000t\000h\000e\000\040\000r\000a\000d\000i\000a\000l\000\040\000f\000u\000n\000c\000t\000i\000o\000n}{appendix.E}% 52
\BOOKMARK [2][-]{subsection.E.3}{\376\377\000S\000u\000b\000s\000t\000i\000t\000u\000t\000i\000n\000g\000\040\000G\000=\000j\0000\000\050\000k\000r\000\051}{appendix.E}% 53
\BOOKMARK [2][-]{subsection.E.4}{\376\377\000E\000x\000p\000l\000i\000c\000i\000t\000\040\000B\000e\000s\000s\000e\000l\000-\000f\000u\000n\000c\000t\000i\000o\000n\000\040\000f\000o\000r\000m\000\040\000o\000f\000\040\000t\000h\000e\000\040\000d\000e\000r\000i\000v\000a\000t\000i\000v\000e\000s}{appendix.E}% 54
\BOOKMARK [2][-]{subsection.E.5}{\376\377\000F\000r\000o\000m\000\040\000a\000n\000g\000u\000l\000a\000r\000\040\000c\000o\000e\000f\000f\000i\000c\000i\000e\000n\000t\000s\000\040\000t\000o\000\040\000t\000h\000e\000\040\000f\000u\000l\000l\000\040\000c\000o\000r\000r\000e\000l\000a\000t\000o\000r}{appendix.E}% 55
\BOOKMARK [1][-]{appendix.F}{\376\377\000F\000i\000e\000l\000d\000\040\000Q\000u\000a\000n\000t\000i\000z\000a\000t\000i\000o\000n\000\040\000o\000f\000\040\000F\000r\000e\000e\000\040\000T\000h\000e\000o\000r\000y}{}% 56
\BOOKMARK [1][-]{appendix.G}{\376\377\000F\000i\000e\000l\000d\000\040\000Q\000u\000a\000n\000t\000i\000z\000a\000t\000i\000o\000n\000\040\000o\000f\000\040\000F\000r\000e\000e\000\040\000T\000h\000e\000o\000r\000y}{}% 57
\BOOKMARK [2][-]{subsection.G.1}{\376\377\000I\000n\000t\000e\000r\000a\000c\000t\000i\000n\000g\000\040\000h\000a\000m\000i\000l\000t\000o\000n\000i\000a\000n\000\040\000i\000n\000\040\000H\000e\000i\000s\000e\000n\000b\000e\000r\000g\000\040\000p\000i\000c\000t\000u\000r\000e}{appendix.G}% 58
\BOOKMARK [2][-]{subsection.G.2}{\376\377\000H\000a\000m\000i\000l\000t\000o\000n\000i\000a\000n\000\040\000i\000n\000\040\000T\000T\000\040\000g\000a\000u\000g\000e}{appendix.G}% 59
